Mesh 'Parallel Mesh':
Max sizes cone: 3 support: 2
orientation is missing
cap --> base:
[0]: 1 ----> 4
[0]: 1 ----> 5
[0]: 2 ----> 5
[0]: 2 ----> 6
[0]: 3 ----> 4
[0]: 3 ----> 6
[0]: 4 ----> 0
[0]: 5 ----> 0
[0]: 6 ----> 0
Max sizes cone: 4 support: 3
[1]: 2 ----> 7
[1]: 2 ----> 9
[1]: 3 ----> 7
[1]: 3 ----> 8
[1]: 3 ----> 11
[1]: 4 ----> 8
[1]: 4 ----> 9
[1]: 4 ----> 12
[1]: 5 ----> 10
[1]: 5 ----> 11
[1]: 6 ----> 10
[1]: 6 ----> 12
[1]: 7 ----> 0
[1]: 8 ----> 0
[1]: 8 ----> 1
[1]: 9 ----> 0
[1]: 10 ----> 1
[1]: 11 ----> 1
[1]: 12 ----> 1
base <-- cap:
[0]: 0 <---- 4 (0)
[0]: 0 <---- 6 (-2)
[0]: 0 <---- 5 (0)
[0]: 4 <---- 1 (0)
[0]: 4 <---- 3 (0)
[0]: 5 <---- 2 (0)
[0]: 5 <---- 1 (0)
[0]: 6 <---- 2 (0)
[0]: 6 <---- 3 (0)
[1]: 0 <---- 7 (0)
[1]: 0 <---- 8 (0)
[1]: 0 <---- 9 (0)
[1]: 1 <---- 8 (0)
[1]: 1 <---- 10 (0)
[1]: 1 <---- 11 (0)
[1]: 1 <---- 12 (0)
[1]: 7 <---- 2 (0)
[1]: 7 <---- 3 (0)
[1]: 8 <---- 3 (0)
[1]: 8 <---- 4 (0)
[1]: 9 <---- 4 (0)
[1]: 9 <---- 2 (0)
[1]: 10 <---- 5 (0)
[1]: 10 <---- 6 (0)
[1]: 11 <---- 3 (0)
[1]: 11 <---- 5 (0)
[1]: 12 <---- 4 (0)
[1]: 12 <---- 6 (0)
Vec_0x84000004_0
Process 0:
  (   1) dim  2 offset   0 0.5 0.5
  (   2) dim  2 offset   2 0.2 0
  (   3) dim  2 offset   4 0.2 1
Process 1:
  (   2) dim  2 offset   0 -0.5 0.5
  (   3) dim  2 offset   2 -0.2 0
  (   4) dim  2 offset   4 -0.2 1
  (   5) dim  2 offset   6 0.2 0
  (   6) dim  2 offset   8 0.2 1
Label 'marker':
[0]: 4 (1)
[0]: 5 (1)
[1]: 7 (1)
[1]: 9 (1)
PetscSF Object: 2 MPI processes
  type: basic
    sort=rank-order
  [0] Number of roots=7, leaves=3, remote ranks=1
  [0] 2 <- (1,5)
  [0] 3 <- (1,6)
  [0] 6 <- (1,10)
  [1] Number of roots=13, leaves=0, remote ranks=0
  [0] Roots referenced by my leaves, by rank
  [0] 1: 3 edges
  [0]    2 <- 5
  [0]    3 <- 6
  [0]    6 <- 10
  [1] Roots referenced by my leaves, by rank
Mesh 'Hybrid Mesh':
Max sizes cone: 3 support: 4
orientation is missing
cap --> base:
[0]: 4 ----> 10
[0]: 4 ----> 13
[0]: 5 ----> 12
[0]: 5 ----> 14
[0]: 6 ----> 11
[0]: 6 ----> 15
[0]: 7 ----> 10
[0]: 7 ----> 11
[0]: 7 ----> 18
[0]: 7 ----> 16
[0]: 8 ----> 12
[0]: 8 ----> 13
[0]: 8 ----> 17
[0]: 8 ----> 18
[0]: 9 ----> 14
[0]: 9 ----> 15
[0]: 9 ----> 16
[0]: 9 ----> 17
[0]: 10 ----> 0
[0]: 11 ----> 1
[0]: 12 ----> 2
[0]: 13 ----> 0
[0]: 14 ----> 2
[0]: 15 ----> 1
[0]: 16 ----> 1
[0]: 16 ----> 3
[0]: 17 ----> 2
[0]: 17 ----> 3
[0]: 18 ----> 0
[0]: 18 ----> 3
Max sizes cone: 3 support: 6
[1]: 8 ----> 19
[1]: 8 ----> 24
[1]: 9 ----> 20
[1]: 9 ----> 21
[1]: 9 ----> 27
[1]: 10 ----> 22
[1]: 10 ----> 23
[1]: 10 ----> 29
[1]: 11 ----> 25
[1]: 11 ----> 28
[1]: 12 ----> 26
[1]: 12 ----> 30
[1]: 13 ----> 19
[1]: 13 ----> 20
[1]: 13 ----> 33
[1]: 13 ----> 31
[1]: 14 ----> 21
[1]: 14 ----> 22
[1]: 14 ----> 31
[1]: 14 ----> 32
[1]: 14 ----> 36
[1]: 14 ----> 34
[1]: 15 ----> 23
[1]: 15 ----> 24
[1]: 15 ----> 32
[1]: 15 ----> 33
[1]: 16 ----> 25
[1]: 16 ----> 26
[1]: 16 ----> 34
[1]: 16 ----> 35
[1]: 17 ----> 27
[1]: 17 ----> 28
[1]: 17 ----> 35
[1]: 17 ----> 36
[1]: 18 ----> 29
[1]: 18 ----> 30
[1]: 18 ----> 36
[1]: 18 ----> 34
[1]: 19 ----> 0
[1]: 20 ----> 1
[1]: 21 ----> 1
[1]: 21 ----> 4
[1]: 22 ----> 2
[1]: 22 ----> 5
[1]: 23 ----> 2
[1]: 24 ----> 0
[1]: 25 ----> 5
[1]: 26 ----> 6
[1]: 27 ----> 6
[1]: 28 ----> 4
[1]: 29 ----> 4
[1]: 30 ----> 5
[1]: 31 ----> 1
[1]: 31 ----> 3
[1]: 32 ----> 2
[1]: 32 ----> 3
[1]: 33 ----> 0
[1]: 33 ----> 3
[1]: 34 ----> 5
[1]: 34 ----> 7
[1]: 35 ----> 6
[1]: 35 ----> 7
[1]: 36 ----> 4
[1]: 36 ----> 7
base <-- cap:
[0]: 0 <---- 10 (0)
[0]: 0 <---- 18 (-2)
[0]: 0 <---- 13 (0)
[0]: 1 <---- 11 (0)
[0]: 1 <---- 15 (-2)
[0]: 1 <---- 16 (-2)
[0]: 2 <---- 17 (-2)
[0]: 2 <---- 14 (-2)
[0]: 2 <---- 12 (0)
[0]: 3 <---- 16 (0)
[0]: 3 <---- 17 (0)
[0]: 3 <---- 18 (0)
[0]: 10 <---- 4 (0)
[0]: 10 <---- 7 (0)
[0]: 11 <---- 7 (0)
[0]: 11 <---- 6 (0)
[0]: 12 <---- 5 (0)
[0]: 12 <---- 8 (0)
[0]: 13 <---- 8 (0)
[0]: 13 <---- 4 (0)
[0]: 14 <---- 5 (0)
[0]: 14 <---- 9 (0)
[0]: 15 <---- 9 (0)
[0]: 15 <---- 6 (0)
[0]: 16 <---- 7 (0)
[0]: 16 <---- 9 (0)
[0]: 17 <---- 9 (0)
[0]: 17 <---- 8 (0)
[0]: 18 <---- 8 (0)
[0]: 18 <---- 7 (0)
[1]: 0 <---- 19 (0)
[1]: 0 <---- 33 (-2)
[1]: 0 <---- 24 (0)
[1]: 1 <---- 20 (0)
[1]: 1 <---- 21 (0)
[1]: 1 <---- 31 (-2)
[1]: 2 <---- 32 (-2)
[1]: 2 <---- 22 (0)
[1]: 2 <---- 23 (0)
[1]: 3 <---- 31 (0)
[1]: 3 <---- 32 (0)
[1]: 3 <---- 33 (0)
[1]: 4 <---- 21 (0)
[1]: 4 <---- 36 (-2)
[1]: 4 <---- 28 (0)
[1]: 5 <---- 22 (0)
[1]: 5 <---- 25 (0)
[1]: 5 <---- 34 (-2)
[1]: 6 <---- 35 (-2)
[1]: 6 <---- 26 (0)
[1]: 6 <---- 27 (0)
[1]: 7 <---- 34 (0)
[1]: 7 <---- 35 (0)
[1]: 7 <---- 36 (0)
[1]: 19 <---- 8 (0)
[1]: 19 <---- 13 (0)
[1]: 20 <---- 13 (0)
[1]: 20 <---- 9 (0)
[1]: 21 <---- 9 (0)
[1]: 21 <---- 14 (0)
[1]: 22 <---- 14 (0)
[1]: 22 <---- 10 (0)
[1]: 23 <---- 10 (0)
[1]: 23 <---- 15 (0)
[1]: 24 <---- 15 (0)
[1]: 24 <---- 8 (0)
[1]: 25 <---- 11 (0)
[1]: 25 <---- 16 (0)
[1]: 26 <---- 16 (0)
[1]: 26 <---- 12 (0)
[1]: 27 <---- 9 (0)
[1]: 27 <---- 17 (0)
[1]: 28 <---- 17 (0)
[1]: 28 <---- 11 (0)
[1]: 29 <---- 10 (0)
[1]: 29 <---- 18 (0)
[1]: 30 <---- 18 (0)
[1]: 30 <---- 12 (0)
[1]: 31 <---- 13 (0)
[1]: 31 <---- 14 (0)
[1]: 32 <---- 14 (0)
[1]: 32 <---- 15 (0)
[1]: 33 <---- 15 (0)
[1]: 33 <---- 13 (0)
[1]: 34 <---- 14 (0)
[1]: 34 <---- 16 (0)
[1]: 35 <---- 16 (0)
[1]: 35 <---- 17 (0)
[1]: 36 <---- 17 (0)
[1]: 36 <---- 14 (0)
coordinates with 1 fields
  field 0 with 2 components
Process 0:
  (   4) dim  2 offset   0 0.5 0.5
  (   5) dim  2 offset   2 0.2 0
  (   6) dim  2 offset   4 0.2 1
  (   7) dim  2 offset   6 0.35 0.75
  (   8) dim  2 offset   8 0.35 0.25
  (   9) dim  2 offset  10 0.2 0.5
Process 1:
  (   8) dim  2 offset   0 -0.5 0.5
  (   9) dim  2 offset   2 -0.2 0
  (  10) dim  2 offset   4 -0.2 1
  (  11) dim  2 offset   6 0.2 0
  (  12) dim  2 offset   8 0.2 1
  (  13) dim  2 offset  10 -0.35 0.25
  (  14) dim  2 offset  12 -0.2 0.5
  (  15) dim  2 offset  14 -0.35 0.75
  (  16) dim  2 offset  16 0.2 0.5
  (  17) dim  2 offset  18 0 0
  (  18) dim  2 offset  20 0 1
Label 'marker':
[0]: 7 (1)
[0]: 8 (1)
[0]: 10 (1)
[0]: 11 (1)
[0]: 12 (1)
[0]: 13 (1)
[1]: 13 (1)
[1]: 15 (1)
[1]: 19 (1)
[1]: 20 (1)
[1]: 23 (1)
[1]: 24 (1)
PetscSF Object: 2 MPI processes
  type not yet set
  [0] Number of roots=19, leaves=5, remote ranks=1
  [0] 5 <- (1,11)
  [0] 6 <- (1,12)
  [0] 9 <- (1,16)
  [0] 14 <- (1,25)
  [0] 15 <- (1,26)
  [1] Number of roots=37, leaves=0, remote ranks=0
  [0] Roots referenced by my leaves, by rank
  [0] 1: 5 edges
  [0]    5 <- 11
  [0]    6 <- 12
  [0]    9 <- 16
  [0]    14 <- 25
  [0]    15 <- 26
  [1] Roots referenced by my leaves, by rank