sec1 as a Vec 
Vec Object: 2 MPI processes
  type: mpi
Process [0]
Process [1]
sec1 as a Vec 
Vec Object: 2 MPI processes
  type: mpi
Process [0]
Process [1]
