sec1 as a Vec 
Vec Object: 1 MPI processes
  type: seq
sec1 as a Vec 
Vec Object: 1 MPI processes
  type: seq
