 cell           0           1           2           3           4
 cell           0           1           2           3           4
